exit=0
--- stdout ---
Shows the fresh image's initial OAM admin credential while it is still
valid, so the operator can log in and change it immediately. Console-only by
design: it refuses to run when the session is not an interactive terminal or
when output is redirected, and it has no JSON mode — the credential must not
land in files, logs, or inventory collection.

Usage:
  loxicmd appliance credentials bootstrap [flags]

Flags:
  -h, --help   help for bootstrap

Global Flags:
  -s, --apiserver string   Set API server IP address (default "127.0.0.1")
      --bearer             Send the token as 'Authorization: Bearer <token>' (required by the inference gateway; disable for classic loxilb raw-token targets) (default true)
      --cacert string      CA certificate (PEM) to verify the server (https only)
      --cert string        Client certificate (PEM) for mutual TLS (https only)
  -k, --insecure           Skip TLS certificate verification (https only)
      --key string         Client private key (PEM) for mutual TLS (https only)
  -o, --output string      Set output layer (ex.) wide, json)
  -p, --port int           Set API server port number (default 11111)
      --protocol string    Set API server http/https (default "http")
  -t, --timeout int16      Set timeout (default 10)
      --token string       Set Token for the API server
--- stderr ---
