exit=0
--- stdout ---
Applies a public IPv4 address (already assigned through the cloud
provider's 1:1 NAT) to edge TLS and the OAM allowed origin: certificate with
public and private SANs, site address, and SNI fallback, updated atomically
by the host backend. It never assigns the address to a NIC and never touches
NAT, subnets, or routes.

Examples:
  loxicmd appliance public-address configure 203.0.113.10
  loxicmd appliance public-address configure 203.0.113.10 --no-restart

Usage:
  loxicmd appliance public-address configure IPV4 [flags]

Flags:
  -h, --help         help for configure
      --no-restart   Record the change and report a pending restart instead of reconciling the management plane now

Global Flags:
  -s, --apiserver string    Set API server IP address (default "127.0.0.1")
      --bearer              Send the token as 'Authorization: Bearer <token>' (required by the inference gateway; disable for classic loxilb raw-token targets) (default true)
      --cacert string       CA certificate (PEM) to verify the server (https only)
      --cert string         Client certificate (PEM) for mutual TLS (https only)
  -k, --insecure            Skip TLS certificate verification (https only)
      --key string          Client private key (PEM) for mutual TLS (https only)
  -o, --output string       Set output layer (ex.) wide, json)
  -p, --port int            Set API server port number (default 11111)
      --protocol string     Set API server http/https (default "http")
  -t, --timeout int16       Set timeout (default 10)
      --token string        Set Token for the API server (deprecated: the value is visible in shell history and process listings; use --token-file)
      --token-file string   Read the API server token from an owner-only (0600) regular file; replaces the deprecated --token
--- stderr ---
