exit=0
--- stdout ---
| PID | USER | PRIORITY | NICE | VIRTMEMORY | RESIDENTSIZE | SHAREDMEMORY | STATUS | CPUUSAGE | MEMORYUSAGE | TIME | COMMAND |
|-----|------|----------|------|------------|--------------|--------------|--------|----------|-------------|------|---------|
|     |      |          |      |            |              |              |
--- stderr ---
