exit=0
--- stdout ---
{
    "lbAttr": [
        {
            "serviceArguments": {
                "externalIP": "20.20.20.1",
                "port": 2020,
                "protocol": "tcp",
                "sel": 0,
                "mode": 0,
                "BGP": false,
                "Monitor": false,
                "inactiveTimeOut": 240,
                "block": 0,
                "name": "test-lb",
                "proxyprotocolv2": false,
                "egress": false
            },
            "secondaryIPs": [],
            "allowedSources": [],
            "endpoints": [
                {
                    "endpointIP": "31.31.31.1",
                    "targetPort": 8080,
                    "weight": 1,
                    "state": "active",
                    "counter": ""
                }
            ]
        }
    ]
}
--- stderr ---
